0 verbose cli C:\Program Files\nodejs\node.exe C:\Program Files\nodejs\node_modules\npm\bin\npm-cli.js
1 info using npm@11.6.2
2 info using node@v24.12.0
3 silly config load:file:C:\Program Files\nodejs\node_modules\npm\npmrc
4 silly config load:file:F:\Python_Floder\Python_Example\Serial_Port_Assistant\.npmrc
5 silly config load:file:C:\Users\HC\.npmrc
6 silly config load:file:C:\Users\HC\AppData\Roaming\npm\etc\npmrc
7 verbose title npm view Jnpz version
8 verbose argv "view" "Jnpz" "version" "--cache" "F:\\Python_Floder\\Python_Example\\Serial_Port_Assistant\\.npm-cache-tmp"
9 verbose logfile logs-max:10 dir:F:\Python_Floder\Python_Example\Serial_Port_Assistant\.npm-cache-tmp\_logs\2026-08-21T07_19_59_219Z-
10 verbose logfile F:\Python_Floder\Python_Example\Serial_Port_Assistant\.npm-cache-tmp\_logs\2026-08-21T07_19_59_219Z-debug-0.log
11 silly logfile done cleaning log files
12 http fetch GET 404 https://registry.npmjs.org/Jnpz 858ms (cache skip)
13 verbose stack HttpErrorGeneral: 404 Not Found - GET https://registry.npmjs.org/Jnpz - Not found
13 verbose stack     at C:\Program Files\nodejs\node_modules\npm\node_modules\npm-registry-fetch\lib\check-response.js:103:15
13 verbose stack     at process.processTicksAndRejections (node:internal/process/task_queues:103:5)
13 verbose stack     at async RegistryFetcher.packument (C:\Program Files\nodejs\node_modules\npm\node_modules\pacote\lib\registry.js:90:19)
13 verbose stack     at async #getData (C:\Program Files\nodejs\node_modules\npm\lib\commands\view.js:135:20)
13 verbose stack     at async #viewPackage (C:\Program Files\nodejs\node_modules\npm\lib\commands\view.js:112:28)
13 verbose stack     at async View.exec (C:\Program Files\nodejs\node_modules\npm\lib\commands\view.js:70:5)
13 verbose stack     at async Npm.exec (C:\Program Files\nodejs\node_modules\npm\lib\npm.js:208:9)
13 verbose stack     at async module.exports (C:\Program Files\nodejs\node_modules\npm\lib\cli\entry.js:67:5)
14 verbose statusCode 404
15 verbose pkgid Jnpz@*
16 error code E404
17 error 404 Not Found - GET https://registry.npmjs.org/Jnpz - Not found
18 error 404
19 error 404  The requested resource 'Jnpz@*' could not be found or you do not have permission to access it.
20 error 404 This package name is not valid, because 
21 error 404  1. name can no longer contain capital letters
22 error 404
23 error 404 Note that you can also install from a
24 error 404 tarball, folder, http url, or git url.
25 verbose cwd F:\Python_Floder\Python_Example\Serial_Port_Assistant
26 verbose os Windows_NT 10.0.19045
27 verbose node v24.12.0
28 verbose npm  v11.6.2
29 verbose exit 1
30 verbose code 1
31 error A complete log of this run can be found in: F:\Python_Floder\Python_Example\Serial_Port_Assistant\.npm-cache-tmp\_logs\2026-08-21T07_19_59_219Z-debug-0.log
